args: {"from":null,"to":null,"scidDir":"D:\\SierraCharts\\Data","tfMin":1,"atrPeriod":14,"horizon":20,"bracketK":1,"filterEmaPeriod":9,"slopeLb":3}
Deduped 7 duplicate contract file(s):
  kept NQH4.CME.scid, dropped NQH24-CME.scid
  kept NQH5.CME.scid, dropped NQH25-CME.scid
  kept NQM24-CME.scid, dropped NQM4.CME.scid
  kept NQM6.CME.scid, dropped NQM26-CME.scid
  kept NQU24-CME.scid, dropped NQU4.CME.scid
  kept NQZ23-CME.scid, dropped NQZ3.CME.scid
  kept NQZ4.CME.scid, dropped NQZ24-CME.scid
Found 18 NQ contracts
  NQH22    2021-12-14 → 2022-03-14  bars=  86515
  NQM22    2022-03-14 → 2022-06-14  bars=  89369
  NQU22    2022-06-14 → 2022-09-14  bars=  90410
  NQZ22    2022-09-14 → 2022-12-14  bars=  89169
  NQH23    2022-12-14 → 2023-03-14  bars=  85124
  NQM23    2023-03-14 → 2023-06-14  bars=  90351
  NQU23    2023-06-14 → 2023-09-14  bars=  90046
  NQZ23    2023-09-14 → 2023-12-14  bars=  89153
  NQH24    2023-12-14 → 2024-03-14  bars=  86454
  NQM24    2024-03-14 → 2024-06-14  bars=  89447
  NQU24    2024-06-14 → 2024-09-14  bars=  89995
  NQZ24    2024-09-14 → 2024-12-14  bars=  89217
  NQH25    2024-12-14 → 2025-03-14  bars=  84518
  NQM25    2025-03-14 → 2025-06-14  bars=  89205
  NQU25    2025-06-14 → 2025-09-14  bars=  88746
  NQZ25    2025-09-14 → 2025-12-14  bars=  88582
  NQH26    2025-12-14 → 2026-03-14  bars=  86226
  NQM26    2026-03-14 → 2026-06-11  bars=  86716

Total 1m bars: 1589243   horizon 20 bars   bracket 1xATR
Filter: 9 EMA direction, 3-bar slope lookback
Baseline race WR — long 49.9%  short 49.5%  (n=1588631)

=== DEFAULT (str1.0/floor100/imp0.8) ===
  LONG  (vs baseline 49.9%)   col: WR  edge  n
  nofilter       48.8%   -1.1pp    10007
  align          49.2%   -0.7pp     4491
  counter        48.4%   -1.5pp     5516
  SHORT (vs baseline 49.5%)
  nofilter       49.5%   +0.0pp    10617
  align          49.1%   -0.4pp     5031
  counter        49.9%   +0.4pp     5586

=== CANDIDATE (str1.5/floor150/imp0.8) ===
  LONG  (vs baseline 49.9%)   col: WR  edge  n
  nofilter       47.5%   -2.4pp     1366
  align          47.1%   -2.8pp      571
  counter        47.7%   -2.2pp      795
  SHORT (vs baseline 49.5%)
  nofilter       52.1%   +2.6pp     1414
  align          48.5%   -1.0pp      656
  counter        55.3%   +5.8pp      758
