args: {"from":null,"to":null,"scidDir":"D:\\SierraCharts\\Data","tfMin":1,"atrPeriod":14,"horizon":20,"bracketK":1,"filterEmaPeriod":9,"slopeLb":3,"session":"rth"}
Deduped 7 duplicate contract file(s):
  kept NQH4.CME.scid, dropped NQH24-CME.scid
  kept NQH5.CME.scid, dropped NQH25-CME.scid
  kept NQM24-CME.scid, dropped NQM4.CME.scid
  kept NQM6.CME.scid, dropped NQM26-CME.scid
  kept NQU24-CME.scid, dropped NQU4.CME.scid
  kept NQZ23-CME.scid, dropped NQZ3.CME.scid
  kept NQZ4.CME.scid, dropped NQZ24-CME.scid
Found 18 NQ contracts
  NQH22    2021-12-14 → 2022-03-14  bars=  86515
  NQM22    2022-03-14 → 2022-06-14  bars=  89369
  NQU22    2022-06-14 → 2022-09-14  bars=  90410
  NQZ22    2022-09-14 → 2022-12-14  bars=  89169
  NQH23    2022-12-14 → 2023-03-14  bars=  85124
  NQM23    2023-03-14 → 2023-06-14  bars=  90351
  NQU23    2023-06-14 → 2023-09-14  bars=  90046
  NQZ23    2023-09-14 → 2023-12-14  bars=  89153
  NQH24    2023-12-14 → 2024-03-14  bars=  86454
  NQM24    2024-03-14 → 2024-06-14  bars=  89447
  NQU24    2024-06-14 → 2024-09-14  bars=  89995
  NQZ24    2024-09-14 → 2024-12-14  bars=  89217
  NQH25    2024-12-14 → 2025-03-14  bars=  84518
  NQM25    2025-03-14 → 2025-06-14  bars=  89205
  NQU25    2025-06-14 → 2025-09-14  bars=  88746
  NQZ25    2025-09-14 → 2025-12-14  bars=  88582
  NQH26    2025-12-14 → 2026-03-14  bars=  86226
  NQM26    2026-03-14 → 2026-06-11  bars=  86719

Total 1m bars: 1589246   horizon 20 bars   bracket 1xATR
Filter: 9 EMA direction, 3-bar slope lookback
Baseline race WR — long 49.9%  short 49.6%  (n=444159)

=== DEFAULT (str1.0/floor100/imp0.8) ===
  LONG  (vs baseline 49.9%)   col: WR  edge  n
  nofilter       49.0%   -0.9pp     9264
  align          49.5%   -0.4pp     4128
  counter        48.6%   -1.4pp     5136
  SHORT (vs baseline 49.6%)
  nofilter       49.5%   -0.1pp     9837
  align          48.8%   -0.8pp     4692
  counter        50.1%   +0.5pp     5145

=== CANDIDATE (str1.5/floor150/imp0.8) ===
  LONG  (vs baseline 49.9%)   col: WR  edge  n
  nofilter       47.5%   -2.5pp     1281
  align          47.0%   -3.0pp      515
  counter        47.8%   -2.2pp      766
  SHORT (vs baseline 49.6%)
  nofilter       52.3%   +2.6pp     1310
  align          48.0%   -1.6pp      608
  counter        55.9%   +6.3pp      702
