Deduped 7 duplicate contract file(s):
  kept NQH4.CME.scid, dropped NQH24-CME.scid
  kept NQH5.CME.scid, dropped NQH25-CME.scid
  kept NQM24-CME.scid, dropped NQM4.CME.scid
  kept NQM6.CME.scid, dropped NQM26-CME.scid
  kept NQU24-CME.scid, dropped NQU4.CME.scid
  kept NQZ23-CME.scid, dropped NQZ3.CME.scid
  kept NQZ4.CME.scid, dropped NQZ24-CME.scid
Found 18 NQ contracts. periods=9,20,50, lookbacks=1,3,5,10
  NQH22    2021-12-14 → 2022-03-14  bars=  86515
  NQM22    2022-03-14 → 2022-06-14  bars=  89369
  NQU22    2022-06-14 → 2022-09-14  bars=  90410
  NQZ22    2022-09-14 → 2022-12-14  bars=  89169
  NQH23    2022-12-14 → 2023-03-14  bars=  85124
  NQM23    2023-03-14 → 2023-06-14  bars=  90351
  NQU23    2023-06-14 → 2023-09-14  bars=  90046
  NQZ23    2023-09-14 → 2023-12-14  bars=  89153
  NQH24    2023-12-14 → 2024-03-14  bars=  86454
  NQM24    2024-03-14 → 2024-06-14  bars=  89447
  NQU24    2024-06-14 → 2024-09-14  bars=  89995
  NQZ24    2024-09-14 → 2024-12-14  bars=  89217
  NQH25    2024-12-14 → 2025-03-14  bars=  84518
  NQM25    2025-03-14 → 2025-06-14  bars=  89205
  NQU25    2025-06-14 → 2025-09-14  bars=  88746
  NQZ25    2025-09-14 → 2025-12-14  bars=  88582
  NQH26    2025-12-14 → 2026-03-14  bars=  86226
  NQM26    2026-03-14 → 2026-06-11  bars=  86727

Candidate SHORT (str1.5/floor150), RTH, horizon 20, bracket 1xATR
Baseline short WR (all bars): 49.6%
No-filter candidate short: 52.3%  (+2.6pp, n=1310)

=== COUNTER-trend short (filter EMA RISING) — WR / edge-vs-baseline / n ===
  period                lb1             lb3             lb5            lb10
  EMA9     54.6% +5.0 (568)55.9% +6.3 (702)56.0% +6.3 (716)53.8% +4.1 (723)
  EMA20    54.7% +5.1 (617)54.9% +5.3 (719)54.2% +4.6 (723)52.9% +3.3 (723)
  EMA50    53.8% +4.1 (628)52.6% +3.0 (692)52.5% +2.9 (702)51.4% +1.8 (709)

=== ALIGN (filter EMA FALLING) — for contrast ===
  period                lb1             lb3             lb5            lb10
  EMA9     50.5% +0.9 (742)48.0% -1.6 (608)47.8% -1.8 (594)50.4% +0.8 (587)
  EMA20    50.1% +0.5 (693)49.1% -0.6 (591)49.8% +0.2 (587)51.5% +1.8 (587)
  EMA50    50.9% +1.3 (682)51.9% +2.3 (618)52.0% +2.4 (608)53.3% +3.6 (601)
