args: {"from":null,"to":null,"scidDir":"D:\\SierraCharts\\Data","tfMin":1,"atrPeriod":14,"horizon":20,"bracketK":1,"emaLength":30}
Deduped 7 duplicate contract file(s):
  kept NQH4.CME.scid, dropped NQH24-CME.scid
  kept NQH5.CME.scid, dropped NQH25-CME.scid
  kept NQM24-CME.scid, dropped NQM4.CME.scid
  kept NQM6.CME.scid, dropped NQM26-CME.scid
  kept NQU24-CME.scid, dropped NQU4.CME.scid
  kept NQZ23-CME.scid, dropped NQZ3.CME.scid
  kept NQZ4.CME.scid, dropped NQZ24-CME.scid
Found 18 NQ contracts
  NQH22    2021-12-14 → 2022-03-14  bars=  86515
  NQM22    2022-03-14 → 2022-06-14  bars=  89369
  NQU22    2022-06-14 → 2022-09-14  bars=  90410
  NQZ22    2022-09-14 → 2022-12-14  bars=  89169
  NQH23    2022-12-14 → 2023-03-14  bars=  85124
  NQM23    2023-03-14 → 2023-06-14  bars=  90351
  NQU23    2023-06-14 → 2023-09-14  bars=  90046
  NQZ23    2023-09-14 → 2023-12-14  bars=  89153
  NQH24    2023-12-14 → 2024-03-14  bars=  86454
  NQM24    2024-03-14 → 2024-06-14  bars=  89447
  NQU24    2024-06-14 → 2024-09-14  bars=  89995
  NQZ24    2024-09-14 → 2024-12-14  bars=  89217
  NQH25    2024-12-14 → 2025-03-14  bars=  84518
  NQM25    2025-03-14 → 2025-06-14  bars=  89205
  NQU25    2025-06-14 → 2025-09-14  bars=  88746
  NQZ25    2025-09-14 → 2025-12-14  bars=  88582
  NQH26    2025-12-14 → 2026-03-14  bars=  86226
  NQM26    2026-03-14 → 2026-06-11  bars=  86703

Total 1m bars: 1589230   horizon 20 bars   bracket 1xATR
Baseline race WR — long 49.9%  short 49.6%  (n=444159)

=== LONG sweep — top combos by edge (min n=200) ===
  str   floor  imp         WR     edge        n
  1.5   200    0.8      49.7%   -0.3pp      440
  1.5   100    1        49.6%   -0.4pp     3171
  2     100    1        49.5%   -0.4pp     1453
  1.5   200    1.5      49.4%   -0.6pp      316
  1.5   100    0.8      49.3%   -0.7pp     3956
  1     100    1        49.1%   -0.9pp     7775
  1.5   200    1        49.1%   -0.9pp      425
  1.25  100    1        49.0%   -0.9pp     4835

=== SHORT sweep — top combos by edge (min n=200) ===
  str   floor  imp         WR     edge        n
  1.5   150    0.8      52.3%   +2.6pp     1310
  2     150    1.5      52.0%   +2.4pp      379
  2     150    0.8      51.9%   +2.2pp      597
  1.5   150    1        51.7%   +2.1pp     1230
  1.5   200    1.5      51.6%   +2.0pp      378
  1.5   150    1.5      51.6%   +1.9pp      809
  1.25  150    0.8      51.3%   +1.7pp     2114
  2     150    1        51.3%   +1.6pp      562

=== LONG — time of day (default params) ===
  PT         sigWR  baseWR     edge       n
  06:30      47.9%   48.6%   -0.7pp    2139
  07:00      50.0%   49.7%   +0.3pp    1283
  07:30      46.1%   49.9%   -3.8pp     991
  08:00      51.6%   51.1%   +0.5pp     666
  08:30      47.3%   50.1%   -2.7pp     562
  09:00      50.8%   50.4%   +0.4pp     429
  09:30      49.7%   49.8%   -0.0pp     358
  10:00      48.3%   51.0%   -2.7pp     353
  10:30      50.0%   50.4%   -0.4pp     292
  11:00      48.2%   49.4%   -1.1pp     369
  11:30      51.5%   50.1%   +1.4pp     379
  12:00      51.9%   49.6%   +2.3pp     431
  12:30      49.2%   49.3%   -0.1pp    1012

=== SHORT — time of day (default params) ===
  PT         sigWR  baseWR     edge       n
  06:30      47.7%   49.3%   -1.6pp    2409
  07:00      49.4%   50.2%   -0.8pp    1436
  07:30      51.5%   50.0%   +1.5pp    1002
  08:00      49.2%   48.9%   +0.3pp     719
  08:30      49.9%   49.8%   +0.1pp     601
  09:00      48.2%   49.4%   -1.2pp     392
  09:30      50.1%   49.9%   +0.2pp     335
  10:00      49.5%   48.7%   +0.8pp     376
  10:30      47.8%   49.1%   -1.3pp     335
  11:00      48.9%   50.4%   -1.4pp     379
  11:30      53.8%   49.7%   +4.2pp     390
  12:00      55.1%   50.3%   +4.8pp     412
  12:30      49.2%   49.4%   -0.2pp    1051
