Loaded 915 trades with parseable entry + side + P&L
Deduped 7 duplicate contract file(s):
  kept NQH4.CME.scid, dropped NQH24-CME.scid
  kept NQH5.CME.scid, dropped NQH25-CME.scid
  kept NQM24-CME.scid, dropped NQM4.CME.scid
  kept NQM6.CME.scid, dropped NQM26-CME.scid
  kept NQU24-CME.scid, dropped NQU4.CME.scid
  kept NQZ23-CME.scid, dropped NQZ3.CME.scid
  kept NQZ4.CME.scid, dropped NQZ24-CME.scid
Mapped to 181 (contract, day) groups; 0 trades unmapped (outside .scid coverage)
  ...50/181 groups  ...100/181 groups  ...150/181 groups
Evaluated 915 trades against NQ delta.
Flip = study signal (str 1, floor 100, imp 0.8).
  ALL mapped n= 915  win%= 35.8  avg$=    22.36  total$=   20460  avgPts=   1.41  avgRR=  0.41

══════════ WINDOW A: 5m BEFORE entry ══════════
  NO flip    n= 761  win%= 35.0  avg$=    18.01  total$=   13703  avgPts=   1.20  avgRR=  0.40
  ANY flip   n= 154  win%= 40.3  avg$=    43.88  total$=    6757  avgPts=   2.48  avgRR=  0.48
  aligned    n= 100  win%= 37.0  avg$=    25.40  total$=    2540  avgPts=   1.19  avgRR=  0.35
  OPPOSING   n=  67  win%= 43.3  avg$=    70.71  total$=    4738  avgPts=   4.24  avgRR=  0.64

══════════ WINDOW B: ±5m around entry (incl. after) ══════════
  NO flip    n= 649  win%= 35.1  avg$=    18.10  total$=   11744  avgPts=   1.23  avgRR=  0.37
  ANY flip   n= 266  win%= 37.6  avg$=    32.77  total$=    8716  avgPts=   1.86  avgRR=  0.51
  aligned    n= 173  win%= 35.3  avg$=    20.65  total$=    3573  avgPts=   1.05  avgRR=  0.34
  OPPOSING   n= 130  win%= 42.3  avg$=    60.01  total$=    7802  avgPts=   3.76  avgRR=  0.79

══════════ LONG vs SHORT split (5m before) ══════════
  LONG
    NO flip    n= 447  win%= 34.2  avg$=    13.97  total$=    6243  avgPts=   0.82  avgRR=  0.39
    ANY flip   n=  66  win%= 42.4  avg$=    48.26  total$=    3185  avgPts=   1.91  avgRR=  0.48
    aligned    n=  46  win%= 45.7  avg$=    59.47  total$=    2736  avgPts=   3.03  avgRR=  0.66
    OPPOSING   n=  24  win%= 37.5  avg$=    42.58  total$=    1022  avgPts=   0.63  avgRR=  0.20
  SHORT
    NO flip    n= 314  win%= 36.0  avg$=    23.76  total$=    7461  avgPts=   1.73  avgRR=  0.41
    ANY flip   n=  88  win%= 38.6  avg$=    40.59  total$=    3572  avgPts=   2.90  avgRR=  0.48
    aligned    n=  54  win%= 29.6  avg$=    -3.62  total$=    -196  avgPts=  -0.38  avgRR=  0.10
    OPPOSING   n=  43  win%= 46.5  avg$=    86.41  total$=    3716  avgPts=   6.26  avgRR=  0.95

══════════ BY SETUP — flip vs no-flip (5m before) ══════════
  break and retest  (257 trades)
    ALL        n= 257  win%= 43.2  avg$=    65.39  total$=   16804  avgPts=   4.61  avgRR=  0.49
    NO flip    n= 203  win%= 40.9  avg$=    53.75  total$=   10911  avgPts=   3.67  avgRR=  0.45
    ANY flip   n=  54  win%= 51.9  avg$=   109.13  total$=    5893  avgPts=   8.11  avgRR=  0.63
    OPPOSING   n=  22  win%= 45.5  avg$=    96.16  total$=    2116  avgPts=   6.97  avgRR=  0.53
  (no setup)  (239 trades)
    ALL        n= 239  win%= 25.5  avg$=   -31.38  total$=   -7501  avgPts=  -2.31  avgRR= -1.07
    NO flip    n= 207  win%= 25.1  avg$=   -33.50  total$=   -6936  avgPts=  -2.16  avgRR=     —
    ANY flip   n=  32  win%= 28.1  avg$=   -17.66  total$=    -565  avgPts=  -3.30  avgRR= -1.07
    OPPOSING   n=  16  win%= 31.3  avg$=    19.19  total$=     307  avgPts=  -2.07  avgRR=     —
  discretionary trade  (187 trades)
    ALL        n= 187  win%= 26.7  avg$=   -11.05  total$=   -2067  avgPts=  -2.14  avgRR= -0.07
    NO flip    n= 152  win%= 25.7  avg$=   -14.86  total$=   -2259  avgPts=  -2.12  avgRR= -0.13
    ANY flip   n=  35  win%= 31.4  avg$=     5.47  total$=     192  avgPts=  -2.20  avgRR=  0.29
    OPPOSING   n=  17  win%= 41.2  avg$=    56.09  total$=     954  avgPts=   3.79  avgRR=  0.51
  supply and demand  (158 trades)
    ALL        n= 158  win%= 48.1  avg$=    72.01  total$=   11378  avgPts=   5.40  avgRR=  0.60
    NO flip    n= 138  win%= 46.4  avg$=    64.75  total$=    8936  avgPts=   4.61  avgRR=  0.57
    ANY flip   n=  20  win%= 60.0  avg$=   122.10  total$=    2442  avgPts=  10.83  avgRR=  0.78
    OPPOSING   n=   5  win%=100.0  avg$=   310.40  total$=    1552  avgPts=  26.75  avgRR=  1.81
  lvn rejection  (50 trades)
    ALL        n=  50  win%= 46.0  avg$=    69.73  total$=    3487  avgPts=   5.55  avgRR=  0.79
    NO flip    n=  39  win%= 41.0  avg$=    37.59  total$=    1466  avgPts=   2.92  avgRR=  0.58
    ANY flip   n=  11  win%= 63.6  avg$=   183.68  total$=    2021  avgPts=  14.86  avgRR=  1.45
    OPPOSING   n=   7  win%= 71.4  avg$=   202.43  total$=    1417  avgPts=  18.69  avgRR=  1.96
  initial balance fade back into balance  (42 trades)
    ALL        n=  42  win%= 50.0  avg$=    76.26  total$=    3203  avgPts=   6.81  avgRR=  0.67
    NO flip    n=  32  win%= 59.4  avg$=   103.17  total$=    3302  avgPts=   9.45  avgRR=  0.84
    ANY flip   n=  10  win%= 20.0  avg$=    -9.85  total$=     -99  avgPts=  -1.65  avgRR=  0.16
    OPPOSING   n=   6  win%= 33.3  avg$=    51.50  total$=     309  avgPts=   4.56  avgRR=  0.96
